[34m2026-04-03 20:45:26.842 UTC 27d7 INFO[0m [orderer.consensus.etcdraft] [34;1mpropose[0m -> Created block [1044], there are 0 blocks in flight channel=amchannel node=1
[33m2026-04-03 20:45:26.843 UTC 27d9 WARN[0m [orderer.common.broadcast] [33;1mHandle[0m -> Error reading from D1:57658: rpc error: code = Canceled desc = context canceled
[33m2026-04-03 20:45:26.843 UTC 27d8 WARN[0m [orderer.common.broadcast] [33;1mHandle[0m -> Error reading from D1:57658: rpc error: code = Canceled desc = context canceled
[34m2026-04-03 20:45:26.843 UTC 27da INFO[0m [comm.grpc.server] [34;1mfunc1[0m -> streaming call completed grpc.service=orderer.AtomicBroadcast grpc.method=Broadcast grpc.request_deadline=2026-04-03T20:45:56.838Z grpc.peer_address=D1:57658 grpc.peer_subject="CN=peer0.org1.example.com,L=San Francisco,ST=California,C=US" error="rpc error: code = Canceled desc = context canceled" grpc.code=Canceled grpc.call_duration=4.331547ms
[34m2026-04-03 20:45:26.843 UTC 27db INFO[0m [comm.grpc.server] [34;1mfunc1[0m -> streaming call completed grpc.service=orderer.AtomicBroadcast grpc.method=Broadcast grpc.request_deadline=2026-04-03T20:45:56.838Z grpc.peer_address=D1:57658 grpc.peer_subject="CN=peer0.org1.example.com,L=San Francisco,ST=California,C=US" error="rpc error: code = Canceled desc = context canceled" grpc.code=Canceled grpc.call_duration=4.445811ms
[34m2026-04-03 20:45:26.846 UTC 27dc INFO[0m [orderer.consensus.etcdraft] [34;1mwriteBlock[0m -> Writing block [1044] (Raft index: 1046) to ledger channel=amchannel node=1
[33m2026-04-03 20:45:26.849 UTC 27de WARN[0m [orderer.common.broadcast] [33;1mHandle[0m -> Error reading from D1:57658: rpc error: code = Canceled desc = context canceled
[33m2026-04-03 20:45:26.849 UTC 27dd WARN[0m [orderer.common.broadcast] [33;1mHandle[0m -> Error reading from D1:57658: rpc error: code = Canceled desc = context canceled
[34m2026-04-03 20:45:26.849 UTC 27df INFO[0m [comm.grpc.server] [34;1mfunc1[0m -> streaming call completed grpc.service=orderer.AtomicBroadcast grpc.method=Broadcast grpc.request_deadline=2026-04-03T20:45:56.843Z grpc.peer_address=D1:57658 grpc.peer_subject="CN=peer0.org1.example.com,L=San Francisco,ST=California,C=US" error="rpc error: code = Canceled desc = context canceled" grpc.code=Canceled grpc.call_duration=5.417638ms
[34m2026-04-03 20:45:26.849 UTC 27e0 INFO[0m [comm.grpc.server] [34;1mfunc1[0m -> streaming call completed grpc.service=orderer.AtomicBroadcast grpc.method=Broadcast grpc.request_deadline=2026-04-03T20:45:56.843Z grpc.peer_address=D1:57658 grpc.peer_subject="CN=peer0.org1.example.com,L=San Francisco,ST=California,C=US" error="rpc error: code = Canceled desc = context canceled" grpc.code=Canceled grpc.call_duration=5.342267ms
[34m2026-04-03 20:45:26.899 UTC 27e1 INFO[0m [orderer.consensus.etcdraft] [34;1mpropose[0m -> Created block [1045], there are 0 blocks in flight channel=amchannel node=1
[34m2026-04-03 20:45:26.901 UTC 27e2 INFO[0m [orderer.consensus.etcdraft] [34;1mwriteBlock[0m -> Writing block [1045] (Raft index: 1047) to ledger channel=amchannel node=1
[33m2026-04-03 20:45:27.898 UTC 27e3 WARN[0m [orderer.common.broadcast] [33;1mHandle[0m -> Error reading from D1:57658: rpc error: code = Canceled desc = context canceled
[34m2026-04-03 20:45:27.898 UTC 27e4 INFO[0m [comm.grpc.server] [34;1mfunc1[0m -> streaming call completed grpc.service=orderer.AtomicBroadcast grpc.method=Broadcast grpc.request_deadline=2026-04-03T20:45:57.896Z grpc.peer_address=D1:57658 grpc.peer_subject="CN=peer0.org1.example.com,L=San Francisco,ST=California,C=US" error="rpc error: code = Canceled desc = context canceled" grpc.code=Canceled grpc.call_duration=1.672033ms
[33m2026-04-03 20:45:27.899 UTC 27e5 WARN[0m [orderer.common.broadcast] [33;1mHandle[0m -> Error reading from D1:57658: rpc error: code = Canceled desc = context canceled
[34m2026-04-03 20:45:27.899 UTC 27e6 INFO[0m [comm.grpc.server] [34;1mfunc1[0m -> streaming call completed grpc.service=orderer.AtomicBroadcast grpc.method=Broadcast grpc.request_deadline=2026-04-03T20:45:57.897Z grpc.peer_address=D1:57658 grpc.peer_subject="CN=peer0.org1.example.com,L=San Francisco,ST=California,C=US" error="rpc error: code = Canceled desc = context canceled" grpc.code=Canceled grpc.call_duration=1.571913ms
[33m2026-04-03 20:45:27.905 UTC 27e7 WARN[0m [orderer.common.broadcast] [33;1mHandle[0m -> Error reading from D1:57658: rpc error: code = Canceled desc = context canceled
[34m2026-04-03 20:45:27.905 UTC 27e8 INFO[0m [comm.grpc.server] [34;1mfunc1[0m -> streaming call completed grpc.service=orderer.AtomicBroadcast grpc.method=Broadcast grpc.request_deadline=2026-04-03T20:45:57.904Z grpc.peer_address=D1:57658 grpc.peer_subject="CN=peer0.org1.example.com,L=San Francisco,ST=California,C=US" error="rpc error: code = Canceled desc = context canceled" grpc.code=Canceled grpc.call_duration=1.572363ms
[33m2026-04-03 20:45:27.905 UTC 27e9 WARN[0m [orderer.common.broadcast] [33;1mHandle[0m -> Error reading from D1:57658: rpc error: code = Canceled desc = context canceled
[34m2026-04-03 20:45:27.905 UTC 27ea INFO[0m [comm.grpc.server] [34;1mfunc1[0m -> streaming call completed grpc.service=orderer.AtomicBroadcast grpc.method=Broadcast grpc.request_deadline=2026-04-03T20:45:57.904Z grpc.peer_address=D1:57658 grpc.peer_subject="CN=peer0.org1.example.com,L=San Francisco,ST=California,C=US" error="rpc error: code = Canceled desc = context canceled" grpc.code=Canceled grpc.call_duration=1.582783ms
[33m2026-04-03 20:45:27.906 UTC 27eb WARN[0m [orderer.common.broadcast] [33;1mHandle[0m -> Error reading from D1:57658: rpc error: code = Canceled desc = context canceled
[34m2026-04-03 20:45:27.906 UTC 27ec INFO[0m [comm.grpc.server] [34;1mfunc1[0m -> streaming call completed grpc.service=orderer.AtomicBroadcast grpc.method=Broadcast grpc.request_deadline=2026-04-03T20:45:57.904Z grpc.peer_address=D1:57658 grpc.peer_subject="CN=peer0.org1.example.com,L=San Francisco,ST=California,C=US" error="rpc error: code = Canceled desc = context canceled" grpc.code=Canceled grpc.call_duration=1.867166ms
[33m2026-04-03 20:45:27.907 UTC 27ed WARN[0m [orderer.common.broadcast] [33;1mHandle[0m -> Error reading from D1:57658: rpc error: code = Canceled desc = context canceled
[34m2026-04-03 20:45:27.907 UTC 27ee INFO[0m [comm.grpc.server] [34;1mfunc1[0m -> streaming call completed grpc.service=orderer.AtomicBroadcast grpc.method=Broadcast grpc.request_deadline=2026-04-03T20:45:57.905Z grpc.peer_address=D1:57658 grpc.peer_subject="CN=peer0.org1.example.com,L=San Francisco,ST=California,C=US" error="rpc error: code = Canceled desc = context canceled" grpc.code=Canceled grpc.call_duration=1.723737ms
[33m2026-04-03 20:45:27.915 UTC 27ef WARN[0m [orderer.common.broadcast] [33;1mHandle[0m -> Error reading from D1:57658: rpc error: code = Canceled desc = context canceled
[34m2026-04-03 20:45:27.915 UTC 27f0 INFO[0m [comm.grpc.server] [34;1mfunc1[0m -> streaming call completed grpc.service=orderer.AtomicBroadcast grpc.method=Broadcast grpc.request_deadline=2026-04-03T20:45:57.913Z grpc.peer_address=D1:57658 grpc.peer_subject="CN=peer0.org1.example.com,L=San Francisco,ST=California,C=US" error="rpc error: code = Canceled desc = context canceled" grpc.code=Canceled grpc.call_duration=1.658764ms
[33m2026-04-03 20:45:27.915 UTC 27f1 WARN[0m [orderer.common.broadcast] [33;1mHandle[0m -> Error reading from D1:57658: rpc error: code = Canceled desc = context canceled
[34m2026-04-03 20:45:27.915 UTC 27f2 INFO[0m [comm.grpc.server] [34;1mfunc1[0m -> streaming call completed grpc.service=orderer.AtomicBroadcast grpc.method=Broadcast grpc.request_deadline=2026-04-03T20:45:57.913Z grpc.peer_address=D1:57658 grpc.peer_subject="CN=peer0.org1.example.com,L=San Francisco,ST=California,C=US" error="rpc error: code = Canceled desc = context canceled" grpc.code=Canceled grpc.call_duration=1.868064ms
[33m2026-04-03 20:45:27.916 UTC 27f3 WARN[0m [orderer.common.broadcast] [33;1mHandle[0m -> Error reading from D1:57658: rpc error: code = Canceled desc = context canceled
[34m2026-04-03 20:45:27.916 UTC 27f4 INFO[0m [comm.grpc.server] [34;1mfunc1[0m -> streaming call completed grpc.service=orderer.AtomicBroadcast grpc.method=Broadcast grpc.request_deadline=2026-04-03T20:45:57.914Z grpc.peer_address=D1:57658 grpc.peer_subject="CN=peer0.org1.example.com,L=San Francisco,ST=California,C=US" error="rpc error: code = Canceled desc = context canceled" grpc.code=Canceled grpc.call_duration=1.870697ms
[34m2026-04-03 20:45:27.919 UTC 27f5 INFO[0m [orderer.consensus.etcdraft] [34;1mpropose[0m -> Created block [1046], there are 0 blocks in flight channel=amchannel node=1
[33m2026-04-03 20:45:27.919 UTC 27f6 WARN[0m [orderer.common.broadcast] [33;1mHandle[0m -> Error reading from D1:57658: rpc error: code = Canceled desc = context canceled
[34m2026-04-03 20:45:27.919 UTC 27f7 INFO[0m [comm.grpc.server] [34;1mfunc1[0m -> streaming call completed grpc.service=orderer.AtomicBroadcast grpc.method=Broadcast grpc.request_deadline=2026-04-03T20:45:57.917Z grpc.peer_address=D1:57658 grpc.peer_subject="CN=peer0.org1.example.com,L=San Francisco,ST=California,C=US" error="rpc error: code = Canceled desc = context canceled" grpc.code=Canceled grpc.call_duration=1.845844ms
[33m2026-04-03 20:45:27.919 UTC 27f8 WARN[0m [orderer.common.broadcast] [33;1mHandle[0m -> Error reading from D1:57658: rpc error: code = Canceled desc = context canceled
[34m2026-04-03 20:45:27.919 UTC 27f9 INFO[0m [comm.grpc.server] [34;1mfunc1[0m -> streaming call completed grpc.service=orderer.AtomicBroadcast grpc.method=Broadcast grpc.request_deadline=2026-04-03T20:45:57.917Z grpc.peer_address=D1:57658 grpc.peer_subject="CN=peer0.org1.example.com,L=San Francisco,ST=California,C=US" error="rpc error: code = Canceled desc = context canceled" grpc.code=Canceled grpc.call_duration=1.887642ms
[34m2026-04-03 20:45:27.921 UTC 27fa INFO[0m [orderer.consensus.etcdraft] [34;1mwriteBlock[0m -> Writing block [1046] (Raft index: 1048) to ledger channel=amchannel node=1
[33m2026-04-03 20:45:27.922 UTC 27fc WARN[0m [orderer.common.broadcast] [33;1mHandle[0m -> Error reading from D1:57658: rpc error: code = Canceled desc = context canceled
[33m2026-04-03 20:45:27.922 UTC 27fb WARN[0m [orderer.common.broadcast] [33;1mHandle[0m -> Error reading from D1:57658: rpc error: code = Canceled desc = context canceled
[34m2026-04-03 20:45:27.923 UTC 27fe INFO[0m [comm.grpc.server] [34;1mfunc1[0m -> streaming call completed grpc.service=orderer.AtomicBroadcast grpc.method=Broadcast grpc.request_deadline=2026-04-03T20:45:57.92Z grpc.peer_address=D1:57658 grpc.peer_subject="CN=peer0.org1.example.com,L=San Francisco,ST=California,C=US" error="rpc error: code = Canceled desc = context canceled" grpc.code=Canceled grpc.call_duration=2.05196ms
[34m2026-04-03 20:45:27.923 UTC 27fd INFO[0m [comm.grpc.server] [34;1mfunc1[0m -> streaming call completed grpc.service=orderer.AtomicBroadcast grpc.method=Broadcast grpc.request_deadline=2026-04-03T20:45:57.92Z grpc.peer_address=D1:57658 grpc.peer_subject="CN=peer0.org1.example.com,L=San Francisco,ST=California,C=US" error="rpc error: code = Canceled desc = context canceled" grpc.code=Canceled grpc.call_duration=2.060788ms
[33m2026-04-03 20:45:27.926 UTC 27ff WARN[0m [orderer.common.broadcast] [33;1mHandle[0m -> Error reading from D1:57658: rpc error: code = Canceled desc = context canceled
[33m2026-04-03 20:45:27.926 UTC 2800 WARN[0m [orderer.common.broadcast] [33;1mHandle[0m -> Error reading from D1:57658: rpc error: code = Canceled desc = context canceled
[34m2026-04-03 20:45:27.926 UTC 2801 INFO[0m [comm.grpc.server] [34;1mfunc1[0m -> streaming call completed grpc.service=orderer.AtomicBroadcast grpc.method=Broadcast grpc.request_deadline=2026-04-03T20:45:57.923Z grpc.peer_address=D1:57658 grpc.peer_subject="CN=peer0.org1.example.com,L=San Francisco,ST=California,C=US" error="rpc error: code = Canceled desc = context canceled" grpc.code=Canceled grpc.call_duration=2.229274ms
[34m2026-04-03 20:45:27.926 UTC 2802 INFO[0m [comm.grpc.server] [34;1mfunc1[0m -> streaming call completed grpc.service=orderer.AtomicBroadcast grpc.method=Broadcast grpc.request_deadline=2026-04-03T20:45:57.923Z grpc.peer_address=D1:57658 grpc.peer_subject="CN=peer0.org1.example.com,L=San Francisco,ST=California,C=US" error="rpc error: code = Canceled desc = context canceled" grpc.code=Canceled grpc.call_duration=2.302486ms
[33m2026-04-03 20:45:27.928 UTC 2803 WARN[0m [orderer.common.broadcast] [33;1mHandle[0m -> Error reading from D1:57658: rpc error: code = Canceled desc = context canceled
[34m2026-04-03 20:45:27.928 UTC 2804 INFO[0m [comm.grpc.server] [34;1mfunc1[0m -> streaming call completed grpc.service=orderer.AtomicBroadcast grpc.method=Broadcast grpc.request_deadline=2026-04-03T20:45:57.925Z grpc.peer_address=D1:57658 grpc.peer_subject="CN=peer0.org1.example.com,L=San Francisco,ST=California,C=US" error="rpc error: code = Canceled desc = context canceled" grpc.code=Canceled grpc.call_duration=2.918756ms
[33m2026-04-03 20:45:27.935 UTC 2805 WARN[0m [orderer.common.broadcast] [33;1mHandle[0m -> Error reading from D1:57658: rpc error: code = Canceled desc = context canceled
[34m2026-04-03 20:45:27.935 UTC 2806 INFO[0m [comm.grpc.server] [34;1mfunc1[0m -> streaming call completed grpc.service=orderer.AtomicBroadcast grpc.method=Broadcast grpc.request_deadline=2026-04-03T20:45:57.933Z grpc.peer_address=D1:57658 grpc.peer_subject="CN=peer0.org1.example.com,L=San Francisco,ST=California,C=US" error="rpc error: code = Canceled desc = context canceled" grpc.code=Canceled grpc.call_duration=1.817362ms
[33m2026-04-03 20:45:27.935 UTC 2807 WARN[0m [orderer.common.broadcast] [33;1mHandle[0m -> Error reading from D1:57658: rpc error: code = Canceled desc = context canceled
[34m2026-04-03 20:45:27.935 UTC 2808 INFO[0m [comm.grpc.server] [34;1mfunc1[0m -> streaming call completed grpc.service=orderer.AtomicBroadcast grpc.method=Broadcast grpc.request_deadline=2026-04-03T20:45:57.933Z grpc.peer_address=D1:57658 grpc.peer_subject="CN=peer0.org1.example.com,L=San Francisco,ST=California,C=US" error="rpc error: code = Canceled desc = context canceled" grpc.code=Canceled grpc.call_duration=1.901207ms
[34m2026-04-03 20:45:27.936 UTC 2809 INFO[0m [orderer.consensus.etcdraft] [34;1mpropose[0m -> Created block [1047], there are 0 blocks in flight channel=amchannel node=1
[33m2026-04-03 20:45:27.936 UTC 280a WARN[0m [orderer.common.broadcast] [33;1mHandle[0m -> Error reading from D1:57658: rpc error: code = Canceled desc = context canceled
[34m2026-04-03 20:45:27.937 UTC 280b INFO[0m [comm.grpc.server] [34;1mfunc1[0m -> streaming call completed grpc.service=orderer.AtomicBroadcast grpc.method=Broadcast grpc.request_deadline=2026-04-03T20:45:57.934Z grpc.peer_address=D1:57658 grpc.peer_subject="CN=peer0.org1.example.com,L=San Francisco,ST=California,C=US" error="rpc error: code = Canceled desc = context canceled" grpc.code=Canceled grpc.call_duration=2.067546ms
[33m2026-04-03 20:45:27.937 UTC 280c WARN[0m [orderer.common.broadcast] [33;1mHandle[0m -> Error reading from D1:57658: rpc error: code = Canceled desc = context canceled
[34m2026-04-03 20:45:27.937 UTC 280d INFO[0m [comm.grpc.server] [34;1mfunc1[0m -> streaming call completed grpc.service=orderer.AtomicBroadcast grpc.method=Broadcast grpc.request_deadline=2026-04-03T20:45:57.934Z grpc.peer_address=D1:57658 grpc.peer_subject="CN=peer0.org1.example.com,L=San Francisco,ST=California,C=US" error="rpc error: code = Canceled desc = context canceled" grpc.code=Canceled grpc.call_duration=2.332327ms
[34m2026-04-03 20:45:27.937 UTC 280e INFO[0m [orderer.consensus.etcdraft] [34;1mwriteBlock[0m -> Writing block [1047] (Raft index: 1049) to ledger channel=amchannel node=1
[33m2026-04-03 20:45:27.954 UTC 280f WARN[0m [orderer.common.broadcast] [33;1mHandle[0m -> Error reading from D1:57658: rpc error: code = Canceled desc = context canceled
[34m2026-04-03 20:45:27.954 UTC 2810 INFO[0m [comm.grpc.server] [34;1mfunc1[0m -> streaming call completed grpc.service=orderer.AtomicBroadcast grpc.method=Broadcast grpc.request_deadline=2026-04-03T20:45:57.95Z grpc.peer_address=D1:57658 grpc.peer_subject="CN=peer0.org1.example.com,L=San Francisco,ST=California,C=US" error="rpc error: code = Canceled desc = context canceled" grpc.code=Canceled grpc.call_duration=3.768294ms
[33m2026-04-03 20:45:27.956 UTC 2811 WARN[0m [orderer.common.broadcast] [33;1mHandle[0m -> Error reading from D1:57658: rpc error: code = Canceled desc = context canceled
[34m2026-04-03 20:45:27.956 UTC 2812 INFO[0m [comm.grpc.server] [34;1mfunc1[0m -> streaming call completed grpc.service=orderer.AtomicBroadcast grpc.method=Broadcast grpc.request_deadline=2026-04-03T20:45:57.95Z grpc.peer_address=D1:57658 grpc.peer_subject="CN=peer0.org1.example.com,L=San Francisco,ST=California,C=US" error="rpc error: code = Canceled desc = context canceled" grpc.code=Canceled grpc.call_duration=5.272674ms
[33m2026-04-03 20:45:27.957 UTC 2813 WARN[0m [orderer.common.broadcast] [33;1mHandle[0m -> Error reading from D1:57658: rpc error: code = Canceled desc = context canceled
[34m2026-04-03 20:45:27.957 UTC 2814 INFO[0m [comm.grpc.server] [34;1mfunc1[0m -> streaming call completed grpc.service=orderer.AtomicBroadcast grpc.method=Broadcast grpc.request_deadline=2026-04-03T20:45:57.951Z grpc.peer_address=D1:57658 grpc.peer_subject="CN=peer0.org1.example.com,L=San Francisco,ST=California,C=US" error="rpc error: code = Canceled desc = context canceled" grpc.code=Canceled grpc.call_duration=5.515574ms
[34m2026-04-03 20:45:28.005 UTC 2815 INFO[0m [orderer.consensus.etcdraft] [34;1mpropose[0m -> Created block [1048], there are 0 blocks in flight channel=amchannel node=1
[34m2026-04-03 20:45:28.007 UTC 2816 INFO[0m [orderer.consensus.etcdraft] [34;1mwriteBlock[0m -> Writing block [1048] (Raft index: 1050) to ledger channel=amchannel node=1
[33m2026-04-03 20:45:28.475 UTC 2817 WARN[0m [orderer.common.broadcast] [33;1mHandle[0m -> Error reading from D1:57658: rpc error: code = Canceled desc = context canceled
[34m2026-04-03 20:45:28.475 UTC 2818 INFO[0m [comm.grpc.server] [34;1mfunc1[0m -> streaming call completed grpc.service=orderer.AtomicBroadcast grpc.method=Broadcast grpc.request_deadline=2026-04-03T20:45:58.47Z grpc.peer_address=D1:57658 grpc.peer_subject="CN=peer0.org1.example.com,L=San Francisco,ST=California,C=US" error="rpc error: code = Canceled desc = context canceled" grpc.code=Canceled grpc.call_duration=4.472927ms
[33m2026-04-03 20:45:28.475 UTC 2819 WARN[0m [orderer.common.broadcast] [33;1mHandle[0m -> Error reading from D1:57658: rpc error: code = Canceled desc = context canceled
[34m2026-04-03 20:45:28.475 UTC 281a INFO[0m [comm.grpc.server] [34;1mfunc1[0m -> streaming call completed grpc.service=orderer.AtomicBroadcast grpc.method=Broadcast grpc.request_deadline=2026-04-03T20:45:58.47Z grpc.peer_address=D1:57658 grpc.peer_subject="CN=peer0.org1.example.com,L=San Francisco,ST=California,C=US" error="rpc error: code = Canceled desc = context canceled" grpc.code=Canceled grpc.call_duration=5.046272ms
[33m2026-04-03 20:45:28.475 UTC 281b WARN[0m [orderer.common.broadcast] [33;1mHandle[0m -> Error reading from D1:57658: rpc error: code = Canceled desc = context canceled
[34m2026-04-03 20:45:28.475 UTC 281c INFO[0m [comm.grpc.server] [34;1mfunc1[0m -> streaming call completed grpc.service=orderer.AtomicBroadcast grpc.method=Broadcast grpc.request_deadline=2026-04-03T20:45:58.47Z grpc.peer_address=D1:57658 grpc.peer_subject="CN=peer0.org1.example.com,L=San Francisco,ST=California,C=US" error="rpc error: code = Canceled desc = context canceled" grpc.code=Canceled grpc.call_duration=4.689917ms
[34m2026-04-03 20:45:28.525 UTC 281d INFO[0m [orderer.consensus.etcdraft] [34;1mpropose[0m -> Created block [1049], there are 0 blocks in flight channel=amchannel node=1
[34m2026-04-03 20:45:28.527 UTC 281e INFO[0m [orderer.consensus.etcdraft] [34;1mwriteBlock[0m -> Writing block [1049] (Raft index: 1051) to ledger channel=amchannel node=1
[33m2026-04-03 20:45:28.678 UTC 281f WARN[0m [orderer.common.broadcast] [33;1mHandle[0m -> Error reading from D1:57658: rpc error: code = Canceled desc = context canceled
[34m2026-04-03 20:45:28.678 UTC 2820 INFO[0m [comm.grpc.server] [34;1mfunc1[0m -> streaming call completed grpc.service=orderer.AtomicBroadcast grpc.method=Broadcast grpc.request_deadline=2026-04-03T20:45:58.674Z grpc.peer_address=D1:57658 grpc.peer_subject="CN=peer0.org1.example.com,L=San Francisco,ST=California,C=US" error="rpc error: code = Canceled desc = context canceled" grpc.code=Canceled grpc.call_duration=4.245144ms
[34m2026-04-03 20:45:28.728 UTC 2821 INFO[0m [orderer.consensus.etcdraft] [34;1mpropose[0m -> Created block [1050], there are 0 blocks in flight channel=amchannel node=1
[34m2026-04-03 20:45:28.731 UTC 2822 INFO[0m [orderer.consensus.etcdraft] [34;1mwriteBlock[0m -> Writing block [1050] (Raft index: 1052) to ledger channel=amchannel node=1
[33m2026-04-03 20:45:29.280 UTC 2823 WARN[0m [orderer.common.broadcast] [33;1mHandle[0m -> Error reading from D1:57658: rpc error: code = Canceled desc = context canceled
[34m2026-04-03 20:45:29.280 UTC 2824 INFO[0m [comm.grpc.server] [34;1mfunc1[0m -> streaming call completed grpc.service=orderer.AtomicBroadcast grpc.method=Broadcast grpc.request_deadline=2026-04-03T20:45:59.276Z grpc.peer_address=D1:57658 grpc.peer_subject="CN=peer0.org1.example.com,L=San Francisco,ST=California,C=US" error="rpc error: code = Canceled desc = context canceled" grpc.code=Canceled grpc.call_duration=3.846351ms
[33m2026-04-03 20:45:29.283 UTC 2825 WARN[0m [orderer.common.broadcast] [33;1mHandle[0m -> Error reading from D1:57658: rpc error: code = Canceled desc = context canceled
[34m2026-04-03 20:45:29.283 UTC 2826 INFO[0m [comm.grpc.server] [34;1mfunc1[0m -> streaming call completed grpc.service=orderer.AtomicBroadcast grpc.method=Broadcast grpc.request_deadline=2026-04-03T20:45:59.279Z grpc.peer_address=D1:57658 grpc.peer_subject="CN=peer0.org1.example.com,L=San Francisco,ST=California,C=US" error="rpc error: code = Canceled desc = context canceled" grpc.code=Canceled grpc.call_duration=3.519027ms
[33m2026-04-03 20:45:29.283 UTC 2827 WARN[0m [orderer.common.broadcast] [33;1mHandle[0m -> Error reading from D1:57658: rpc error: code = Canceled desc = context canceled
[34m2026-04-03 20:45:29.283 UTC 2828 INFO[0m [comm.grpc.server] [34;1mfunc1[0m -> streaming call completed grpc.service=orderer.AtomicBroadcast grpc.method=Broadcast grpc.request_deadline=2026-04-03T20:45:59.28Z grpc.peer_address=D1:57658 grpc.peer_subject="CN=peer0.org1.example.com,L=San Francisco,ST=California,C=US" error="rpc error: code = Canceled desc = context canceled" grpc.code=Canceled grpc.call_duration=3.421456ms
[33m2026-04-03 20:45:29.287 UTC 2829 WARN[0m [orderer.common.broadcast] [33;1mHandle[0m -> Error reading from D1:57658: rpc error: code = Canceled desc = context canceled
[34m2026-04-03 20:45:29.287 UTC 282a INFO[0m [comm.grpc.server] [34;1mfunc1[0m -> streaming call completed grpc.service=orderer.AtomicBroadcast grpc.method=Broadcast grpc.request_deadline=2026-04-03T20:45:59.284Z grpc.peer_address=D1:57658 grpc.peer_subject="CN=peer0.org1.example.com,L=San Francisco,ST=California,C=US" error="rpc error: code = Canceled desc = context canceled" grpc.code=Canceled grpc.call_duration=3.444644ms
[33m2026-04-03 20:45:29.287 UTC 282b WARN[0m [orderer.common.broadcast] [33;1mHandle[0m -> Error reading from D1:57658: rpc error: code = Canceled desc = context canceled
[34m2026-04-03 20:45:29.288 UTC 282c INFO[0m [comm.grpc.server] [34;1mfunc1[0m -> streaming call completed grpc.service=orderer.AtomicBroadcast grpc.method=Broadcast grpc.request_deadline=2026-04-03T20:45:59.284Z grpc.peer_address=D1:57658 grpc.peer_subject="CN=peer0.org1.example.com,L=San Francisco,ST=California,C=US" error="rpc error: code = Canceled desc = context canceled" grpc.code=Canceled grpc.call_duration=3.696901ms
[33m2026-04-03 20:45:29.289 UTC 282d WARN[0m [orderer.common.broadcast] [33;1mHandle[0m -> Error reading from D1:57658: rpc error: code = Canceled desc = context canceled
[34m2026-04-03 20:45:29.289 UTC 282e INFO[0m [comm.grpc.server] [34;1mfunc1[0m -> streaming call completed grpc.service=orderer.AtomicBroadcast grpc.method=Broadcast grpc.request_deadline=2026-04-03T20:45:59.286Z grpc.peer_address=D1:57658 grpc.peer_subject="CN=peer0.org1.example.com,L=San Francisco,ST=California,C=US" error="rpc error: code = Canceled desc = context canceled" grpc.code=Canceled grpc.call_duration=3.601157ms
[34m2026-04-03 20:45:29.330 UTC 282f INFO[0m [orderer.consensus.etcdraft] [34;1mpropose[0m -> Created block [1051], there are 0 blocks in flight channel=amchannel node=1
[34m2026-04-03 20:45:29.334 UTC 2830 INFO[0m [orderer.consensus.etcdraft] [34;1mwriteBlock[0m -> Writing block [1051] (Raft index: 1053) to ledger channel=amchannel node=1
[33m2026-04-03 20:45:29.797 UTC 2831 WARN[0m [orderer.common.broadcast] [33;1mHandle[0m -> Error reading from D1:57658: rpc error: code = Canceled desc = context canceled
[34m2026-04-03 20:45:29.797 UTC 2832 INFO[0m [comm.grpc.server] [34;1mfunc1[0m -> streaming call completed grpc.service=orderer.AtomicBroadcast grpc.method=Broadcast grpc.request_deadline=2026-04-03T20:45:59.793Z grpc.peer_address=D1:57658 grpc.peer_subject="CN=peer0.org1.example.com,L=San Francisco,ST=California,C=US" error="rpc error: code = Canceled desc = context canceled" grpc.code=Canceled grpc.call_duration=3.870054ms
[33m2026-04-03 20:45:29.799 UTC 2833 WARN[0m [orderer.common.broadcast] [33;1mHandle[0m -> Error reading from D1:57658: rpc error: code = Canceled desc = context canceled
[34m2026-04-03 20:45:29.799 UTC 2834 INFO[0m [comm.grpc.server] [34;1mfunc1[0m -> streaming call completed grpc.service=orderer.AtomicBroadcast grpc.method=Broadcast grpc.request_deadline=2026-04-03T20:45:59.795Z grpc.peer_address=D1:57658 grpc.peer_subject="CN=peer0.org1.example.com,L=San Francisco,ST=California,C=US" error="rpc error: code = Canceled desc = context canceled" grpc.code=Canceled grpc.call_duration=3.659642ms
[33m2026-04-03 20:45:29.802 UTC 2835 WARN[0m [orderer.common.broadcast] [33;1mHandle[0m -> Error reading from D1:57658: rpc error: code = Canceled desc = context canceled
[34m2026-04-03 20:45:29.802 UTC 2836 INFO[0m [comm.grpc.server] [34;1mfunc1[0m -> streaming call completed grpc.service=orderer.AtomicBroadcast grpc.method=Broadcast grpc.request_deadline=2026-04-03T20:45:59.798Z grpc.peer_address=D1:57658 grpc.peer_subject="CN=peer0.org1.example.com,L=San Francisco,ST=California,C=US" error="rpc error: code = Canceled desc = context canceled" grpc.code=Canceled grpc.call_duration=3.615446ms
[34m2026-04-03 20:45:29.847 UTC 2837 INFO[0m [orderer.consensus.etcdraft] [34;1mpropose[0m -> Created block [1052], there are 0 blocks in flight channel=amchannel node=1
[34m2026-04-03 20:45:29.851 UTC 2838 INFO[0m [orderer.consensus.etcdraft] [34;1mwriteBlock[0m -> Writing block [1052] (Raft index: 1054) to ledger channel=amchannel node=1
[34m2026-04-03 20:45:59.807 UTC 2839 INFO[0m [grpc] [34;1mInfof[0m -> [transport] [server-transport 0x3f821e900340] loopyWriter exiting with error: second GOAWAY written and no active streams left to process
[34m2026-04-03 20:45:59.808 UTC 283a INFO[0m [grpc] [34;1mInfof[0m -> [transport] [server-transport 0x3f821e900340] Closing: EOF
