[34m2026-04-02 20:48:04.855 UTC 0e87 INFO[0m [endorser] [34;1mcallChaincode[0m -> finished chaincode: unified duration: 2ms channel=amchannel txID=29f3ac8b
[34m2026-04-02 20:48:04.855 UTC 0e88 INFO[0m [comm.grpc.server] [34;1mfunc1[0m -> unary call completed grpc.service=protos.Endorser grpc.method=ProcessProposal grpc.peer_address=D1:49720 grpc.code=OK grpc.call_duration=5.838803ms
[34m2026-04-02 20:48:04.918 UTC 0e89 INFO[0m [gossip.privdata] [34;1mStoreBlock[0m -> Received block [232] from buffer channel=amchannel
[34m2026-04-02 20:48:04.922 UTC 0e8a INFO[0m [committer.txvalidator] [34;1mValidate[0m -> [amchannel] Validated block [232] in 3ms
[34m2026-04-02 20:48:04.930 UTC 0e8b INFO[0m [kvledger] [34;1mcommit[0m -> [amchannel] Committed block [232] with 1 transaction(s) in 8ms (state_validation=0ms block_and_pvtdata_commit=5ms state_commit=1ms) commitHash=[baa537529ebb0033e163176beb2057e800213eb57790dfef987ee423395ced3a]
[34m2026-04-02 20:48:05.178 UTC 0e8c INFO[0m [comm.grpc.server] [34;1mfunc1[0m -> streaming call completed grpc.service=protos.Deliver grpc.method=DeliverFiltered grpc.request_deadline=2026-04-02T20:48:34.857Z grpc.peer_address=D1:49726 error="context finished before block retrieved: context canceled" grpc.code=Unknown grpc.call_duration=320.23741ms
[34m2026-04-02 20:48:05.185 UTC 0e8d INFO[0m [grpc] [34;1mInfof[0m -> [transport] [server-transport 0x35fe420e3a00] Closing: EOF
[34m2026-04-02 20:48:05.185 UTC 0e8e INFO[0m [grpc] [34;1mInfof[0m -> [transport] [server-transport 0x35fe420e3ba0] Closing: EOF
[34m2026-04-02 20:48:05.185 UTC 0e8f INFO[0m [grpc] [34;1mInfof[0m -> [transport] [server-transport 0x35fe420e3ba0] loopyWriter exiting with error: transport closed by client
[34m2026-04-02 20:48:05.185 UTC 0e90 INFO[0m [grpc] [34;1mInfof[0m -> [transport] [server-transport 0x35fe420e3a00] loopyWriter exiting with error: transport closed by client
[34m2026-04-02 20:48:05.330 UTC 0e91 INFO[0m [endorser] [34;1mcallChaincode[0m -> finished chaincode: unified duration: 2ms channel=amchannel txID=96daed26
[34m2026-04-02 20:48:05.331 UTC 0e92 INFO[0m [comm.grpc.server] [34;1mfunc1[0m -> unary call completed grpc.service=protos.Endorser grpc.method=ProcessProposal grpc.peer_address=D1:49736 grpc.code=OK grpc.call_duration=5.578506ms
[34m2026-04-02 20:48:05.394 UTC 0e93 INFO[0m [gossip.privdata] [34;1mStoreBlock[0m -> Received block [233] from buffer channel=amchannel
[34m2026-04-02 20:48:05.399 UTC 0e94 INFO[0m [committer.txvalidator] [34;1mValidate[0m -> [amchannel] Validated block [233] in 4ms
[34m2026-04-02 20:48:05.407 UTC 0e95 INFO[0m [kvledger] [34;1mcommit[0m -> [amchannel] Committed block [233] with 1 transaction(s) in 8ms (state_validation=0ms block_and_pvtdata_commit=6ms state_commit=1ms) commitHash=[533895675d4bb7f823a6dd12afa3d8d69c71c56b1287f2b4bae2d23880125304]
[34m2026-04-02 20:48:05.656 UTC 0e96 INFO[0m [comm.grpc.server] [34;1mfunc1[0m -> streaming call completed grpc.service=protos.Deliver grpc.method=DeliverFiltered grpc.request_deadline=2026-04-02T20:48:35.333Z grpc.peer_address=D1:49752 error="context finished before block retrieved: context canceled" grpc.code=Unknown grpc.call_duration=323.434102ms
[34m2026-04-02 20:48:05.662 UTC 0e97 INFO[0m [grpc] [34;1mInfof[0m -> [transport] [server-transport 0x35fe4574d040] Closing: EOF
[34m2026-04-02 20:48:05.662 UTC 0e98 INFO[0m [grpc] [34;1mInfof[0m -> [transport] [server-transport 0x35fe4574d1e0] Closing: EOF
[34m2026-04-02 20:48:05.663 UTC 0e99 INFO[0m [grpc] [34;1mInfof[0m -> [transport] [server-transport 0x35fe4574d1e0] loopyWriter exiting with error: transport closed by client
[34m2026-04-02 20:48:05.663 UTC 0e9a INFO[0m [grpc] [34;1mInfof[0m -> [transport] [server-transport 0x35fe4574d040] loopyWriter exiting with error: transport closed by client
[34m2026-04-02 20:48:05.743 UTC 0e9b INFO[0m [endorser] [34;1mcallChaincode[0m -> finished chaincode: unified duration: 2ms channel=amchannel txID=82fd9940
[34m2026-04-02 20:48:05.743 UTC 0e9c INFO[0m [comm.grpc.server] [34;1mfunc1[0m -> unary call completed grpc.service=protos.Endorser grpc.method=ProcessProposal grpc.peer_address=D1:49766 grpc.code=OK grpc.call_duration=6.746713ms
[34m2026-04-02 20:48:05.806 UTC 0e9d INFO[0m [gossip.privdata] [34;1mStoreBlock[0m -> Received block [234] from buffer channel=amchannel
[34m2026-04-02 20:48:05.811 UTC 0e9e INFO[0m [committer.txvalidator] [34;1mValidate[0m -> [amchannel] Validated block [234] in 4ms
[34m2026-04-02 20:48:05.820 UTC 0e9f INFO[0m [kvledger] [34;1mcommit[0m -> [amchannel] Committed block [234] with 1 transaction(s) in 8ms (state_validation=0ms block_and_pvtdata_commit=5ms state_commit=1ms) commitHash=[f1b44f7770b82f071e7c4e2c34c20d879c74c040c85208d17d855eab5ee4a252]
[34m2026-04-02 20:48:06.079 UTC 0ea0 INFO[0m [comm.grpc.server] [34;1mfunc1[0m -> streaming call completed grpc.service=protos.Deliver grpc.method=DeliverFiltered grpc.request_deadline=2026-04-02T20:48:35.744Z grpc.peer_address=D1:49772 error="context finished before block retrieved: context canceled" grpc.code=Unknown grpc.call_duration=334.359205ms
[34m2026-04-02 20:48:06.085 UTC 0ea1 INFO[0m [grpc] [34;1mInfof[0m -> [transport] [server-transport 0x35fe4574d380] Closing: EOF
[34m2026-04-02 20:48:06.085 UTC 0ea2 INFO[0m [grpc] [34;1mInfof[0m -> [transport] [server-transport 0x35fe4574d520] Closing: EOF
[34m2026-04-02 20:48:06.085 UTC 0ea3 INFO[0m [grpc] [34;1mInfof[0m -> [transport] [server-transport 0x35fe4574d380] loopyWriter exiting with error: transport closed by client
[34m2026-04-02 20:48:06.085 UTC 0ea4 INFO[0m [grpc] [34;1mInfof[0m -> [transport] [server-transport 0x35fe4574d520] loopyWriter exiting with error: transport closed by client
